============================= test session starts =============================
platform win32 -- Python 3.13.3, pytest-8.4.2, pluggy-1.6.0 -- C:\Program Files\Python313\python.exe
cachedir: .pytest_cache
rootdir: C:\Users\aacer\Documents\web-scraper
configfile: pytest.ini
plugins: anyio-4.12.1, langsmith-0.6.2, logfire-4.17.0, asyncio-1.3.0
asyncio: mode=Mode.AUTO, debug=False, asyncio_default_fixture_loop_scope=None, asyncio_default_test_loop_scope=function
collecting ... collected 23 items

tests/test_engine.py::TestGeneratedEndpoint::test_to_python_function_returns_string PASSED [  4%]
tests/test_engine.py::TestGeneratedEndpoint::test_generated_code_contains_url PASSED [  8%]
tests/test_engine.py::TestGeneratedEndpoint::test_generated_code_contains_http_method PASSED [ 13%]
tests/test_engine.py::TestGeneratedEndpoint::test_generated_code_has_fetch_function PASSED [ 17%]
tests/test_engine.py::TestGeneratedEndpoint::test_generated_code_has_pagination_block PASSED [ 21%]
tests/test_engine.py::TestGeneratedEndpoint::test_generated_code_has_variable_substitution PASSED [ 26%]
tests/test_engine.py::TestGeneratedEndpoint::test_generated_code_is_valid_python PASSED [ 30%]
tests/test_engine.py::TestGeneratedEndpoint::test_generated_code_with_post_payload PASSED [ 34%]
tests/test_engine.py::TestGeneratedEndpoint::test_confidence_reflected_in_comment PASSED [ 39%]
tests/test_engine.py::TestExecutionEngine::test_execute_generated_code_compiles_and_runs PASSED [ 43%]
tests/test_engine.py::TestExecutionEngine::test_execute_direct_success PASSED [ 47%]
tests/test_engine.py::TestExecutionEngine::test_execute_applies_variables PASSED [ 52%]
tests/test_engine.py::TestExecutionEngine::test_execute_handles_network_failure PASSED [ 56%]
tests/test_har_analyzer.py::TestHarAnalyzer::test_filters_out_images PASSED [ 60%]
tests/test_har_analyzer.py::TestHarAnalyzer::test_filters_out_css_and_js PASSED [ 65%]
tests/test_har_analyzer.py::TestHarAnalyzer::test_filters_out_options_requests PASSED [ 69%]
tests/test_har_analyzer.py::TestHarAnalyzer::test_strips_noise_headers_keeps_auth PASSED [ 73%]
tests/test_har_analyzer.py::TestHarAnalyzer::test_sorts_by_response_size_descending PASSED [ 78%]
tests/test_har_analyzer.py::TestHarAnalyzer::test_filters_analytics_domains PASSED [ 82%]
tests/test_har_analyzer.py::TestHarAnalyzer::test_empty_har PASSED       [ 86%]
tests/test_har_analyzer.py::TestHarAnalyzer::test_malformed_har_returns_empty PASSED [ 91%]
tests/test_har_analyzer.py::TestHarAnalyzer::test_token_estimate_is_numeric PASSED [ 95%]
tests/test_har_analyzer.py::TestHarAnalyzer::test_response_preview_truncated PASSED [100%]

============================== warnings summary ===============================
..\..\AppData\Roaming\Python\Python313\site-packages\pydantic\fields.py:826: 28 warnings
  C:\Users\aacer\AppData\Roaming\Python\Python313\site-packages\pydantic\fields.py:826: PydanticDeprecatedSince20: Using extra keyword arguments on `Field` is deprecated and will be removed. Use `json_schema_extra` instead. (Extra keys: 'env'). Deprecated in Pydantic V2.0 to be removed in V3.0. See Pydantic V2 Migration Guide at https://errors.pydantic.dev/2.9/migration/
    warn(

app\config.py:67
  C:\Users\aacer\Documents\web-scraper\app\config.py:67: PydanticDeprecatedSince20: Pydantic V1 style `@validator` validators are deprecated. You should migrate to Pydantic V2 style `@field_validator` validators, see the migration guide for more details. Deprecated in Pydantic V2.0 to be removed in V3.0. See Pydantic V2 Migration Guide at https://errors.pydantic.dev/2.9/migration/
    @validator("allowed_origins", pre=True)

app\config.py:73
  C:\Users\aacer\Documents\web-scraper\app\config.py:73: PydanticDeprecatedSince20: Pydantic V1 style `@validator` validators are deprecated. You should migrate to Pydantic V2 style `@field_validator` validators, see the migration guide for more details. Deprecated in Pydantic V2.0 to be removed in V3.0. See Pydantic V2 Migration Guide at https://errors.pydantic.dev/2.9/migration/
    @validator("user_agents", pre=True)

..\..\AppData\Roaming\Python\Python313\site-packages\pydantic\_internal\_config.py:291
  C:\Users\aacer\AppData\Roaming\Python\Python313\site-packages\pydantic\_internal\_config.py:291: PydanticDeprecatedSince20: Support for class-based `config` is deprecated, use ConfigDict instead. Deprecated in Pydantic V2.0 to be removed in V3.0. See Pydantic V2 Migration Guide at https://errors.pydantic.dev/2.9/migration/
    warnings.warn(DEPRECATION_MESSAGE, DeprecationWarning)

tests/test_engine.py::TestExecutionEngine::test_execute_applies_variables
  C:\Users\aacer\Documents\web-scraper\tests\test_engine.py:161: RuntimeWarning: coroutine 'TestExecutionEngine.test_execute_applies_variables.<locals>.fake_request' was never awaited
    await self.engine.execute(endpoint, variables={"query": "machine+learning"})
  Enable tracemalloc to get traceback where the object was allocated.
  See https://docs.pytest.org/en/stable/how-to/capture-warnings.html#resource-warnings for more info.

-- Docs: https://docs.pytest.org/en/stable/how-to/capture-warnings.html
======================= 23 passed, 32 warnings in 3.16s =======================
